// Jest Snapshot v1, https://goo.gl/fbAQLP

exports[`QR SCANNER QRSCanner renders correctly 1`] = `
<View
  style={
    Object {
      "backgroundColor": "black",
      "flex": 1,
    }
  }
>
  <View
    style={
      Object {
        "alignItems": "flex-end",
        "zIndex": 99,
      }
    }
  >
    <svg
      data-file-name="SvgFlashOff"
      onPress={[Function]}
      style={
        Object {
          "marginRight": 10,
          "marginTop": "2%",
        }
      }
      width={56.25}
    />
  </View>
  <View
    style={
      Object {
        "alignItems": "center",
        "zIndex": 99,
      }
    }
  >
    <Text
      style={
        Object {
          "color": "white",
          "fontFamily": "roboto-regular",
          "fontSize": 67.5,
          "marginTop": "5%",
          "textAlign": "center",
          "width": "100%",
        }
      }
    >
      Scan Code
    </Text>
    <svg
      data-file-name="SvgQrSquare"
      style={
        Object {
          "height": 525,
          "marginBottom": "20%",
          "marginTop": "20%",
          "width": 525,
        }
      }
    />
    <Text
      onPress={[Function]}
      style={
        Object {
          "color": "white",
          "fontFamily": "roboto-regular",
          "fontSize": 67.5,
          "marginTop": "10%",
          "textAlign": "center",
          "width": "100%",
        }
      }
    >
      Cancel
    </Text>
  </View>
</View>
`;

exports[`USER LINK SCREEN - PROVIDE CODE USER LINK SCREENS RENDERS CORRECTLY 1`] = `
"<view><view style=\\"flex: 1; justify-content: center; background-color: rgb(66, 200, 106);\\"><view style=\\"height: 500px; width: 500px; border-radius: 250px; background-color: rgba(62, 185, 99, 0.8); position: absolute; right: -375px; top: 667px;\\"></view><view style=\\"height: 60px; width: 60px; border-radius: 30px; background-color: rgba(255, 255, 255, 0.3); position: absolute; left: 10px; top: 30px;\\"></view><view style=\\"height: 250px; width: 250px; border-radius: 125px; background-color: rgba(255, 255, 255, 0.3); position: absolute; left: 150px; top: 222.33333333333334px;\\"></view><view style=\\"height: 600px; width: 600px; border-radius: 300px; background-color: rgba(255, 255, 255, 0.3); position: absolute; left: 300px; top: -333.5px;\\"></view><view style=\\"height: 350px; width: 350px; border-radius: 175px; background-color: rgba(255, 255, 255, 0.3); position: absolute; left: -250px; top: 667px;\\"></view></view><view style=\\"position: absolute; right: 30px; top: 40px; opacity: 1;\\" focusable=\\"true\\"><svg data-file-name=\\"SvgMenuIcon\\"></svg></view><view style=\\"flex: 4; background-color: rgb(255, 255, 255); border-top-left-radius: 30px; border-top-right-radius: 30px; position: absolute; width: 750px; height: 1133.8999999999999px; top: 200.1px; justify-content: space-between; opacity: 0; transform: [object Object];\\"><view style=\\"flex-direction: row;\\"><text style=\\"font-family: roboto-regular; font-size: 32px; font-weight: 100;\\">Stay
Connected</text><svg height=\\"75\\" style=\\"flex: 1; right: 10px;\\" data-file-name=\\"SvgEllieConnectLogo\\"></svg></view><view style=\\"margin-bottom: 85px;\\"><text style=\\"font-family: roboto-medium; font-size: 17px; line-height: 23; color: grey;\\">Connecting to a <text style=\\"text-decoration-line: underline;\\">Health Professional</text> will allow them to view your medication logs. And, will allow you to book appointments, report any symptoms, and connect with them.</text></view><view><text style=\\"font-size: 20px; color: grey;\\">Connect to:</text><view style=\\"background-color: rgb(255, 255, 255); border-radius: 20px; elevation: 6px; margin-top: 15px; height: 70px; justify-content: center; opacity: 1;\\" testid=\\"hp_button\\" focusable=\\"true\\"><view style=\\"flex-direction: row; margin-left: 35px;\\"><svg style=\\"height: 35px; margin-right: 30px;\\" data-file-name=\\"SvgNurseUnselectedIcon\\"></svg><text style=\\"color: grey; font-family: roboto-medium; font-size: 17px; align-self: center; margin-left: 0px;\\">Health Professional</text></view></view><view style=\\"background-color: rgb(255, 255, 255); border-radius: 20px; elevation: 6px; margin-top: 15px; height: 70px; justify-content: center; opacity: 1;\\" focusable=\\"true\\"><view style=\\"flex-direction: row; margin-left: 35px;\\"><svg style=\\"height: 24px; margin-right: 30px;\\" data-file-name=\\"SvgFamilyfriendUnselectedIcon\\"></svg><text style=\\"color: grey; font-family: roboto-medium; font-size: 17px; align-self: center; margin-left: 0px;\\">Family Member / Friend</text></view></view></view><modal animationtype=\\"none\\" testid=\\"modal\\" swipethreshold=\\"100\\" scrolloffset=\\"0\\" scrolloffsetmax=\\"0\\" supportedorientations=\\"portrait,landscape\\"><view style=\\"position: absolute; top: 0px; bottom: 0px; left: 0px; right: 0px; opacity: 0; background-color: black; width: 750px; height: 1334px;\\" focusable=\\"true\\"></view><view style=\\"margin: 37.5px; transform: [object Object]; flex: 1; justify-content: center;\\" pointer-events=\\"box-none\\" testid=\\"modal\\" swipethreshold=\\"100\\" scrolloffset=\\"0\\" scrolloffsetmax=\\"0\\" supportedorientations=\\"portrait,landscape\\"><view testid=\\"modalContent\\" style=\\"background-color: white; padding: 25px 25px 55px 25px; border-radius: 25px;\\"><view style=\\"align-items: flex-end;\\"><view style=\\"opacity: 1;\\" testid=\\"closeButton\\" focusable=\\"true\\"><svg data-file-name=\\"SvgCloseButton\\"></svg></view></view><view testid=\\"methodsModal\\"><view style=\\"margin-bottom: 15px;\\"><text style=\\"font-size: 25px; font-family: roboto-regular;\\">Select Method:</text></view><view><view style=\\"background-color: rgb(66, 200, 106); elevation: 3px; border-radius: 5px; margin-top: 15px; opacity: 1;\\" testid=\\"provideCodeButton\\" focusable=\\"true\\"><view><text style=\\"font-family: roboto-medium; font-weight: 900; font-size: 17px; align-self: center; color: white; text-transform: uppercase; margin: 10px; letter-spacing: 2px;\\">Provide Code</text></view></view><view style=\\"background-color: rgb(66, 200, 106); elevation: 3px; border-radius: 5px; margin-top: 15px; opacity: 1;\\" focusable=\\"true\\"><view><text style=\\"font-family: roboto-medium; font-weight: 900; font-size: 17px; align-self: center; color: white; text-transform: uppercase; margin: 10px; letter-spacing: 2px;\\">Scan QR Code</text></view></view><view style=\\"background-color: rgb(66, 200, 106); elevation: 3px; border-radius: 5px; margin-top: 15px; opacity: 1;\\" testid=\\"inputCodeButton\\" focusable=\\"true\\"><view><text style=\\"font-family: roboto-medium; font-weight: 900; font-size: 17px; align-self: center; color: white; text-transform: uppercase; margin: 10px; letter-spacing: 2px;\\">Input Code</text></view></view></view></view></view></view></modal></view></view>"
`;
