// Jest Snapshot v1, https://goo.gl/fbAQLP

exports[`Health Professional background component renders correctly 1`] = `<backgroundHP />`;

exports[`Patient background component renders correctly 1`] = `<background />`;
